[debug] [2026-06-06T12:21:01.531Z] ----------------------------------------------------------------------
[debug] [2026-06-06T12:21:01.546Z] Command:       C:\Program Files\nodejs\node.exe C:\Users\Z0058UPH\AppData\Roaming\npm\node_modules\firebase-tools\lib\bin\firebase.js init hosting
[debug] [2026-06-06T12:21:01.547Z] CLI Version:   15.19.1
[debug] [2026-06-06T12:21:01.547Z] Platform:      win32
[debug] [2026-06-06T12:21:01.547Z] Node Version:  v24.14.0
[debug] [2026-06-06T12:21:01.547Z] Time:          Sat Jun 06 2026 17:51:01 GMT+0530 (India Standard Time)
[debug] [2026-06-06T12:21:01.547Z] ----------------------------------------------------------------------
[debug] 
[info] 
     ######## #### ########  ######## ########     ###     ######  ########
     ##        ##  ##     ## ##       ##     ##  ##   ##  ##       ##
     ######    ##  ########  ######   ########  #########  ######  ######
     ##        ##  ##    ##  ##       ##     ## ##     ##       ## ##
     ##       #### ##     ## ######## ########  ##     ##  ######  ########

You're about to initialize a Firebase project in this directory:

  C:\Users\Z0058UPH\Downloads\PI Retrospective Project\PI Retrospective Project

[info] 
=== Project Setup
[info] 
[info] First, let's associate this project directory with a Firebase project.
[info] You can create multiple project aliases by running firebase use --add, 
[info] 
[debug] [2026-06-06T12:21:47.033Z] ----------------------------------------------------------------------
[debug] [2026-06-06T12:21:47.041Z] Command:       C:\Program Files\nodejs\node.exe C:\Users\Z0058UPH\AppData\Roaming\npm\node_modules\firebase-tools\lib\bin\firebase.js init
[debug] [2026-06-06T12:21:47.042Z] CLI Version:   15.19.1
[debug] [2026-06-06T12:21:47.042Z] Platform:      win32
[debug] [2026-06-06T12:21:47.042Z] Node Version:  v24.14.0
[debug] [2026-06-06T12:21:47.043Z] Time:          Sat Jun 06 2026 17:51:47 GMT+0530 (India Standard Time)
[debug] [2026-06-06T12:21:47.043Z] ----------------------------------------------------------------------
[debug] 
[info] 
     ######## #### ########  ######## ########     ###     ######  ########
     ##        ##  ##     ## ##       ##     ##  ##   ##  ##       ##
     ######    ##  ########  ######   ########  #########  ######  ######
     ##        ##  ##    ##  ##       ##     ## ##     ##       ## ##
     ##       #### ##     ## ######## ########  ##     ##  ######  ########

You're about to initialize a Firebase project in this directory:

  C:\Users\Z0058UPH\Downloads\PI Retrospective Project\PI Retrospective Project

[debug] [2026-06-06T12:23:57.657Z] ----------------------------------------------------------------------
[debug] [2026-06-06T12:23:57.662Z] Command:       C:\Program Files\nodejs\node.exe C:\Users\Z0058UPH\AppData\Roaming\npm\node_modules\firebase-tools\lib\bin\firebase.js init hosting
[debug] [2026-06-06T12:23:57.662Z] CLI Version:   15.19.1
[debug] [2026-06-06T12:23:57.662Z] Platform:      win32
[debug] [2026-06-06T12:23:57.662Z] Node Version:  v24.14.0
[debug] [2026-06-06T12:23:57.662Z] Time:          Sat Jun 06 2026 17:53:57 GMT+0530 (India Standard Time)
[debug] [2026-06-06T12:23:57.662Z] ----------------------------------------------------------------------
[debug] 
[info] 
     ######## #### ########  ######## ########     ###     ######  ########
     ##        ##  ##     ## ##       ##     ##  ##   ##  ##       ##
     ######    ##  ########  ######   ########  #########  ######  ######
     ##        ##  ##    ##  ##       ##     ## ##     ##       ## ##
     ##       #### ##     ## ######## ########  ##     ##  ######  ########

You're about to initialize a Firebase project in this directory:

  C:\Users\Z0058UPH\Downloads\PI Retrospective Project\PI Retrospective Project

[info] 
=== Project Setup
[info] 
[info] First, let's associate this project directory with a Firebase project.
[info] You can create multiple project aliases by running firebase use --add, 
[info] 
[debug] [2026-06-06T12:25:58.480Z] > command requires scopes: ["email","openid","https://www.googleapis.com/auth/cloudplatformprojects.readonly","https://www.googleapis.com/auth/firebase","https://www.googleapis.com/auth/cloud-platform"]
[debug] [2026-06-06T12:25:58.481Z] > authorizing via signed-in user (abhirajgaikwad0938@gmail.com)
[debug] [2026-06-06T12:25:58.485Z] Checked if tokens are valid: true, expires at: 1780752054687
[debug] [2026-06-06T12:25:58.485Z] Checked if tokens are valid: true, expires at: 1780752054687
[debug] [2026-06-06T12:25:58.487Z] >>> [apiv2][query] GET https://firebase.googleapis.com/v1beta1/projects pageSize=100
[debug] [2026-06-06T12:25:59.578Z] <<< [apiv2][status] GET https://firebase.googleapis.com/v1beta1/projects 200
[debug] [2026-06-06T12:25:59.578Z] <<< [apiv2][body] GET https://firebase.googleapis.com/v1beta1/projects [omitted]
[info] 
=== Hosting Setup
[debug] [2026-06-06T12:26:55.574Z] Checked if tokens are valid: true, expires at: 1780752054687
[debug] [2026-06-06T12:26:55.575Z] Checked if tokens are valid: true, expires at: 1780752054687
[debug] [2026-06-06T12:26:55.575Z] >>> [apiv2][query] GET https://firebase.googleapis.com/v1beta1/projects/pi-retrospective [none]
[debug] [2026-06-06T12:26:56.148Z] <<< [apiv2][status] GET https://firebase.googleapis.com/v1beta1/projects/pi-retrospective 200
[debug] [2026-06-06T12:26:56.149Z] <<< [apiv2][body] GET https://firebase.googleapis.com/v1beta1/projects/pi-retrospective {"projectId":"pi-retrospective","projectNumber":"592894501449","displayName":"PI-Retrospective","name":"projects/pi-retrospective","resources":{"hostingSite":"pi-retrospective"},"state":"ACTIVE","etag":"1_719c3df6-d126-43cb-8402-84c12e0620b8"}
[info] 
[info] Your public directory is the folder (relative to your project directory) that
[info] will contain Hosting assets to be uploaded with firebase deploy. If you
[info] have a build process for your assets, use your build's output directory.
[info] 
[debug] [2026-06-06T12:27:30.215Z] > command requires scopes: ["email","openid","https://www.googleapis.com/auth/cloudplatformprojects.readonly","https://www.googleapis.com/auth/firebase","https://www.googleapis.com/auth/cloud-platform"]
[debug] [2026-06-06T12:27:30.216Z] > authorizing via signed-in user (abhirajgaikwad0938@gmail.com)
[debug] [2026-06-06T12:27:30.219Z] Checked if tokens are valid: true, expires at: 1780752054687
[debug] [2026-06-06T12:27:30.219Z] Checked if tokens are valid: true, expires at: 1780752054687
[debug] [2026-06-06T12:27:30.221Z] >>> [apiv2][query] GET https://firebase.googleapis.com/v1beta1/projects pageSize=100
[debug] [2026-06-06T12:27:31.048Z] <<< [apiv2][status] GET https://firebase.googleapis.com/v1beta1/projects 200
[debug] [2026-06-06T12:27:31.049Z] <<< [apiv2][body] GET https://firebase.googleapis.com/v1beta1/projects [omitted]
[info] 
=== Hosting Setup
[info] 
[info] i  Didn't detect a .git folder. Assuming C:\Users\Z0058UPH\Downloads\PI Retrospective Project\PI Retrospective Project is the project root. 
[info] i  Authorizing with GitHub to upload your service account to a GitHub repository's secrets store. 
[info] 
[info] Visit this URL on this device to log in:
[info] https://github.com/login/oauth/authorize?client_id=89cf50f02ac6aaed3484&state=604562286&redirect_uri=http%3A%2F%2Flocalhost%3A9005&scope=read%3Auser%20repo%20public_repo
[info] 
[info] Waiting for authentication...
[debug] [2026-06-06T12:27:58.923Z] >>> [apiv2][query] POST https://github.com/login/oauth/access_token [none]
[debug] [2026-06-06T12:27:58.924Z] >>> [apiv2][body] POST https://github.com/login/oauth/access_token [stream]
[debug] [2026-06-06T12:27:59.451Z] <<< [apiv2][status] POST https://github.com/login/oauth/access_token 200
[debug] [2026-06-06T12:27:59.451Z] <<< [apiv2][body] POST https://github.com/login/oauth/access_token {"access_token":"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","token_type":"bearer","scope":"read:user,repo"}
[debug] [2026-06-06T12:27:59.460Z] >>> [apiv2][query] GET https://api.github.com/user [none]
[debug] [2026-06-06T12:28:00.027Z] <<< [apiv2][status] GET https://api.github.com/user 200
[debug] [2026-06-06T12:28:00.028Z] <<< [apiv2][body] GET https://api.github.com/user {"login":"abhiraj-gaikwad-ext_SAGCP","id":264986554,"node_id":"U_kgDOD8tfug","avatar_url":"https://avatars.githubusercontent.com/u/264986554?v=4","gravatar_id":"","url":"https://api.github.com/users/abhiraj-gaikwad-ext_SAGCP","html_url":"https://github.com/abhiraj-gaikwad-ext_SAGCP","followers_url":"https://api.github.com/users/abhiraj-gaikwad-ext_SAGCP/followers","following_url":"https://api.github.com/users/abhiraj-gaikwad-ext_SAGCP/following{/other_user}","gists_url":"https://api.github.com/users/abhiraj-gaikwad-ext_SAGCP/gists{/gist_id}","starred_url":"https://api.github.com/users/abhiraj-gaikwad-ext_SAGCP/starred{/owner}{/repo}","subscriptions_url":"https://api.github.com/users/abhiraj-gaikwad-ext_SAGCP/subscriptions","organizations_url":"https://api.github.com/users/abhiraj-gaikwad-ext_SAGCP/orgs","repos_url":"https://api.github.com/users/abhiraj-gaikwad-ext_SAGCP/repos","events_url":"https://api.github.com/users/abhiraj-gaikwad-ext_SAGCP/events{/privacy}","received_events_url":"https://api.github.com/users/abhiraj-gaikwad-ext_SAGCP/received_events","type":"User","user_view_type":"private","site_admin":false,"name":"Gaikwad, Abhiraj (ext) (DI SW PLM DM PRT POP LA-8)","company":null,"blog":"","location":null,"email":"abhiraj.gaikwad.ext+SAGCP@siemens.com","hireable":null,"bio":null,"twitter_username":null,"notification_email":"abhiraj.gaikwad.ext@siemens.com","public_repos":0,"public_gists":0,"followers":0,"following":0,"created_at":"2026-03-02T10:27:26Z","updated_at":"2026-03-06T02:03:13Z","private_gists":0,"total_private_repos":0,"owned_private_repos":0,"disk_usage":0,"collaborators":0,"two_factor_authentication":false,"plan":{"name":"emu_user","space":976562499,"collaborators":0,"private_repos":10000}}
[info] 
[info] +  Success! Logged into GitHub as abhiraj-gaikwad-ext_SAGCP 
[info] 
[debug] [2026-06-06T12:29:01.947Z] Checked if tokens are valid: true, expires at: 1780752054687
[debug] [2026-06-06T12:29:01.947Z] Checked if tokens are valid: true, expires at: 1780752054687
[debug] [2026-06-06T12:29:01.947Z] >>> [apiv2][query] GET https://firebase.googleapis.com/v1beta1/projects/pi-retrospective [none]
[debug] [2026-06-06T12:29:02.744Z] <<< [apiv2][status] GET https://firebase.googleapis.com/v1beta1/projects/pi-retrospective 200
[debug] [2026-06-06T12:29:02.744Z] <<< [apiv2][body] GET https://firebase.googleapis.com/v1beta1/projects/pi-retrospective {"projectId":"pi-retrospective","projectNumber":"592894501449","displayName":"PI-Retrospective","name":"projects/pi-retrospective","resources":{"hostingSite":"pi-retrospective"},"state":"ACTIVE","etag":"1_719c3df6-d126-43cb-8402-84c12e0620b8"}
[info] 
[info] Your public directory is the folder (relative to your project directory) that
[info] will contain Hosting assets to be uploaded with firebase deploy. If you
[info] have a build process for your assets, use your build's output directory.
[info] 
[debug] [2026-06-06T12:37:53.776Z] >>> [apiv2][query] GET https://api.github.com/repos/Abhi-0939/PI-retrospective/actions/secrets/public-key type=owner
[debug] [2026-06-06T12:37:54.322Z] <<< [apiv2][status] GET https://api.github.com/repos/Abhi-0939/PI-retrospective/actions/secrets/public-key 403
[debug] [2026-06-06T12:37:54.322Z] <<< [apiv2][body] GET https://api.github.com/repos/Abhi-0939/PI-retrospective/actions/secrets/public-key {"message":"You must have repository read permissions or have the repository secrets fine-grained permission.","documentation_url":"https://docs.github.com/rest/actions/secrets#get-a-repository-public-key","status":"403"}
[info] 
[info] 
[error] !  The provided authorization cannot be used with this repository. If this repository is in an organization, did you remember to grant access? 
[info] 
[info] i  Action required: Visit this URL to ensure access has been granted to the appropriate organization(s) for the Firebase CLI GitHub OAuth App: 
[info] https://github.com/settings/connections/applications/89cf50f02ac6aaed3484
[info] 
[debug] [2026-06-06T12:37:58.030Z] >>> [apiv2][query] GET https://api.github.com/repos/Abhi-0939/PI-retrospective/actions/secrets/public-key type=owner
[debug] [2026-06-06T12:37:58.358Z] <<< [apiv2][status] GET https://api.github.com/repos/Abhi-0939/PI-retrospective/actions/secrets/public-key 403
[debug] [2026-06-06T12:37:58.359Z] <<< [apiv2][body] GET https://api.github.com/repos/Abhi-0939/PI-retrospective/actions/secrets/public-key {"message":"You must have repository read permissions or have the repository secrets fine-grained permission.","documentation_url":"https://docs.github.com/rest/actions/secrets#get-a-repository-public-key","status":"403"}
[info] 
[info] 
[error] !  The provided authorization cannot be used with this repository. If this repository is in an organization, did you remember to grant access? 
[info] 
[info] i  Action required: Visit this URL to ensure access has been granted to the appropriate organization(s) for the Firebase CLI GitHub OAuth App: 
[info] https://github.com/settings/connections/applications/89cf50f02ac6aaed3484
[info] 
[debug] [2026-06-06T12:38:00.121Z] >>> [apiv2][query] GET https://api.github.com/repos/Abhi-0939/PI-retrospective/actions/secrets/public-key type=owner
[debug] [2026-06-06T12:38:00.532Z] <<< [apiv2][status] GET https://api.github.com/repos/Abhi-0939/PI-retrospective/actions/secrets/public-key 403
[debug] [2026-06-06T12:38:00.532Z] <<< [apiv2][body] GET https://api.github.com/repos/Abhi-0939/PI-retrospective/actions/secrets/public-key {"message":"You must have repository read permissions or have the repository secrets fine-grained permission.","documentation_url":"https://docs.github.com/rest/actions/secrets#get-a-repository-public-key","status":"403"}
[info] 
[info] 
[error] !  The provided authorization cannot be used with this repository. If this repository is in an organization, did you remember to grant access? 
[info] 
[info] i  Action required: Visit this URL to ensure access has been granted to the appropriate organization(s) for the Firebase CLI GitHub OAuth App: 
[info] https://github.com/settings/connections/applications/89cf50f02ac6aaed3484
[info] 
[debug] [2026-06-06T12:38:08.613Z] >>> [apiv2][query] GET https://api.github.com/repos/Abhi-0939/PI-retrospective/actions/secrets/public-key type=owner
[debug] [2026-06-06T12:38:09.055Z] <<< [apiv2][status] GET https://api.github.com/repos/Abhi-0939/PI-retrospective/actions/secrets/public-key 403
[debug] [2026-06-06T12:38:09.055Z] <<< [apiv2][body] GET https://api.github.com/repos/Abhi-0939/PI-retrospective/actions/secrets/public-key {"message":"You must have repository read permissions or have the repository secrets fine-grained permission.","documentation_url":"https://docs.github.com/rest/actions/secrets#get-a-repository-public-key","status":"403"}
[info] 
[info] 
[error] !  The provided authorization cannot be used with this repository. If this repository is in an organization, did you remember to grant access? 
[info] 
[info] i  Action required: Visit this URL to ensure access has been granted to the appropriate organization(s) for the Firebase CLI GitHub OAuth App: 
[info] https://github.com/settings/connections/applications/89cf50f02ac6aaed3484
[info] 
[debug] [2026-06-06T12:38:13.156Z] >>> [apiv2][query] GET https://api.github.com/repos/Abhi-0939/PI-retrospective/actions/secrets/public-key type=owner
[debug] [2026-06-06T12:38:13.482Z] <<< [apiv2][status] GET https://api.github.com/repos/Abhi-0939/PI-retrospective/actions/secrets/public-key 403
[debug] [2026-06-06T12:38:13.483Z] <<< [apiv2][body] GET https://api.github.com/repos/Abhi-0939/PI-retrospective/actions/secrets/public-key {"message":"You must have repository read permissions or have the repository secrets fine-grained permission.","documentation_url":"https://docs.github.com/rest/actions/secrets#get-a-repository-public-key","status":"403"}
[info] 
[info] 
[error] !  The provided authorization cannot be used with this repository. If this repository is in an organization, did you remember to grant access? 
[info] 
[info] i  Action required: Visit this URL to ensure access has been granted to the appropriate organization(s) for the Firebase CLI GitHub OAuth App: 
[info] https://github.com/settings/connections/applications/89cf50f02ac6aaed3484
[info] 
